// Jest Snapshot v1, https://goo.gl/fbAQLP

exports[`spot Adds errors when the fetch fails 1`] = `
Object {
  "message": "invalid json response body at  reason: Unexpected token < in JSON at position 0",
  "type": "invalid-json",
}
`;
